     1                                  ; scroll down the screen
     2                                  [org 0x0100]
     3 00000000 E93900                  jmp start
     4                                  ; subroutine to scrolls down the screen
     5                                  ; take the number of lines to scroll as parameter
     6 00000003 55                      scrolldown: push bp
     7 00000004 89E5                    mov bp,sp
     8 00000006 50                      push ax
     9 00000007 51                      push cx
    10 00000008 56                      push si
    11 00000009 57                      push di
    12 0000000A 06                      push es
    13 0000000B 1E                      push ds
    14 0000000C B85000                  mov ax, 80 ; load chars per row in ax
    15 0000000F F66604                  mul byte [bp+4] ; calculate source position
    16 00000012 50                      push ax ; save position for later use
    17 00000013 D1E0                    shl ax, 1 ; convert to byte offset
    18 00000015 BE9E0F                  mov si, 3998 ; last location on the screen
    19 00000018 29C6                    sub si, ax ; load source position in si
    20 0000001A B9D007                  mov cx, 2000 ; number of screen locations
    21 0000001D 29C1                    sub cx, ax ; count of words to move
    22 0000001F B800B8                  mov ax, 0xb800
    23 00000022 8EC0                    mov es, ax ; point es to video base
    24 00000024 8ED8                    mov ds, ax ; point ds to video base
    25 00000026 BF9E0F                  mov di, 3998 ; point di to lower right column
    26 00000029 FD                      std ; set auto decrement mode
    27 0000002A F3A5                    rep movsw ; scroll up
    28 0000002C B82007                  mov ax, 0x0720 ; space in normal attribute
    29 0000002F 59                      pop cx ; count of positions to clear
    30 00000030 F3AB                    rep stosw ; clear the scrolled space
    31 00000032 1F                      pop ds
    32 00000033 07                      pop es
    33 00000034 5F                      pop di
    34 00000035 5E                      pop si
    35 00000036 59                      pop cx
    36 00000037 58                      pop ax
    37 00000038 5D                      pop bp
    38 00000039 C20200                  ret 2
    39 0000003C B80500                  start: mov ax,5
    40 0000003F 50                      push ax ; push number of lines to scroll
    41 00000040 E8C0FF                  call scrolldown ; call scroll down subroutine
    42 00000043 B8004C                  mov ax, 0x4c00
    43 00000046 CD21                    int 0x21
