     1                                  [org 0x0100]
     2 00000000 E9020A                  jmp start
     3                                  
     4 00000003 507265737320416E79-     message: db 'Press Any Key To Continue'
     5 0000000C 204B657920546F2043-
     6 00000015 6F6E74696E7565     
     7 0000001C 1900                    length: dw 25
     8 0000001E 436174636820262053-     gamename: db 'Catch & Score'
     9 00000027 636F7265           
    10 0000002B 0D00                    namelength: dw 13
    11 0000002D 313020706F696E74        ob1: db '10 point'
    12 00000035 0800                    l1: dw 8
    13 00000037 3520506F696E74          ob2: db '5 Point'
    14 0000003E 0700                    l2: dw 7
    15 00000040 313520706F696E74        ob3: db '15 point'
    16 00000048 0800                    l3: dw 8
    17 0000004A 67616D6520656E64        Bomb: db 'game end'
    18 00000052 0800                    l4: dw 8
    19 00000054 53636F72653A20          msg2: db 'Score: '
    20 0000005B 0700                    len2: dw 7
    21 0000005D 0000                    scoreValue: dw 0
    22 0000005F 2C01                    scoreValueDi: dw 300
    23 00000061 0000                    bucketLeftDi: dw 0
    24 00000063 0000                    bucketBaseDi: dw 0
    25 00000065 0000                    bucketRightDi: dw 0
    26 00000067 0000                    seconds: dw 0
    27 00000069 0000                    minutes: dw 0
    28 0000006B 596F75722073636F72-     message2: db 'Your score is: ' 
    29 00000074 652069733A20       
    30 0000007A 0F00                    length2: dw 15
    31 0000007C 5468616E6B20596F75-     message4: db 'Thank You For Playing!'
    32 00000085 20466F7220506C6179-
    33 0000008E 696E6721           
    34 00000092 1600                    length4: dw 22
    35 00000094 0100                    delay: dw 1
    36 00000096 0100                    scrollDelay: dw 1
    37                                  ;-------------------------------------------------------
    38                                  ;----------------->RANDGEN----------------------------->
    39                                  ;-------------------------------------------------------
    40                                  ;random number generator for object spawning using system timer
    41                                  randgen:    
    42 00000098 B400                    mov ah,00h
    43 0000009A CD1A                    int 1ah
    44 0000009C 89D0                    mov ax,dx 
    45 0000009E 31D2                    xor dx,dx
    46 000000A0 B90400                  mov cx,4
    47 000000A3 F7F1                    div cx
    48 000000A5 80C230                  add dl, '0'
    49 000000A8 C3                      ret
    50                                  ;-------------------------------------------------------
    51                                  ;----------------->RANDGEN2---------------------------->
    52                                  ;-------------------------------------------------------
    53                                  ;random number generator for object position using system timer
    54                                  randgen2:
    55 000000A9 B400                    mov ah,00h
    56 000000AB CD1A                    int 1ah
    57 000000AD 89D0                    mov ax,dx 
    58 000000AF 31D2                    xor dx,dx
    59 000000B1 B98800                  mov cx,136
    60 000000B4 F7F1                    div cx
    61 000000B6 80C20A                  add dl,10
    62 000000B9 C3                      ret
    63                                  ;-------------------------------------------------------
    64                                  ;----------------->PRINTSTR---------------------------->
    65                                  ;-------------------------------------------------------
    66                                  printstr:
    67 000000BA 55                      push bp
    68 000000BB 89E5                    mov bp, sp
    69 000000BD 06                      push es
    70 000000BE 50                      push ax
    71 000000BF 51                      push cx
    72 000000C0 56                      push si
    73 000000C1 57                      push di
    74 000000C2 B800B8                  mov ax, 0xb800
    75 000000C5 8EC0                    mov es, ax
    76 000000C7 B050                    mov al,80
    77 000000C9 F6660A                  mul byte [bp+10]
    78 000000CC 03460C                  add ax,[bp+12]
    79 000000CF D1E0                    shl ax,1
    80 000000D1 89C7                    mov di,ax
    81 000000D3 8B7606                  mov si,[bp+6]
    82 000000D6 8B4E04                  mov cx,[bp+4]
    83 000000D9 8A6608                  mov ah,[bp+8]
    84                                  
    85                                  nextchar15: 
    86 000000DC 8A04                    mov al, [si]
    87 000000DE 268905                  mov [es:di], ax
    88 000000E1 81C70200                add di, 2 
    89 000000E5 81C60100                add si, 1 
    90 000000E9 E2F1                    loop nextchar15 
    91 000000EB 5F                      pop di
    92 000000EC 5E                      pop si
    93 000000ED 59                      pop cx
    94 000000EE 58                      pop ax
    95 000000EF 07                      pop es
    96 000000F0 5D                      pop bp
    97 000000F1 C20A00                  ret 10
    98                                  ;-------------------------------------------------------
    99                                  ;----------------->PRINTGAMEOVER----------------------->
   100                                  ;-------------------------------------------------------
   101                                  printgameover: 
   102 000000F4 55                      push bp
   103 000000F5 89E5                    mov bp, sp
   104 000000F7 06                      push es
   105 000000F8 50                      push ax
   106 000000F9 51                      push cx
   107 000000FA 56                      push si
   108 000000FB 57                      push di
   109 000000FC B800B8                  mov ax, 0xb800
   110 000000FF 8EC0                    mov es, ax
   111 00000101 B050                    mov al,80
   112 00000103 F6660A                  mul byte [bp+10] ;left
   113 00000106 03460C                  add ax,[bp+12] ;top
   114 00000109 D1E0                    shl ax,1
   115 0000010B 89C7                    mov di,ax
   116 0000010D B90400                  mov cx,4
   117 00000110 8A6608                  mov ah,[bp+8] ;color
   118                                  
   119                                  next:
   120 00000113 B02A                    mov al,42
   121 00000115 268905                  mov[es:di],ax
   122 00000118 81C70400                add di,4 ;increment rightward
   123 0000011C E2F5                    loop next
   124                                  
   125 0000011E 81EF1000                sub di,16
   126 00000122 8B4E06                  mov cx,[bp+6]
   127                                  
   128                                  nextchar: 
   129 00000125 B02A                    mov al, 42
   130 00000127 268905                  mov [es:di], ax
   131 0000012A 81C7A000                add di, 160 ;increment downwards
   132                                  
   133 0000012E E2F5                    loop nextchar
   134                                  
   135 00000130 8B4E04                  mov cx,[bp+4] ;right
   136                                  
   137                                  nextchar2:
   138 00000133 268905                  mov [es:di], ax 
   139 00000136 81C70400                add di, 4 ;increment next position
   140                                  
   141 0000013A E2F7                    loop nextchar2
   142                                  
   143 0000013C B90200                  mov cx,2
   144                                  
   145                                  nextchar3:
   146 0000013F 268905                  mov [es:di], ax
   147 00000142 81EFA000                sub di, 160 ;decrement upwards
   148                                  
   149 00000146 E2F7                    loop nextchar3
   150                                  
   151 00000148 B90200                  mov cx,2
   152                                  
   153                                  nextchar4: 
   154 0000014B 268905                  mov [es:di], ax 
   155 0000014E 81EF0400                sub di, 4 ;decrement left wards
   156                                  
   157 00000152 E2F7                    loop nextchar4
   158                                  
   159                                  ;printing A
   160                                  
   161 00000154 81EFCC01                sub di,460
   162 00000158 B90600                  mov cx,6
   163                                  
   164                                  nextchar5:
   165 0000015B B02F                    mov al,47
   166 0000015D 268905                  mov [es:di],ax 
   167 00000160 81C79E00                add di,158 ;slant left
   168 00000164 E2F5                    loop nextchar5
   169                                  
   170 00000166 81EFB203                sub di,946  
   171 0000016A B90600                  mov cx,6
   172                                  
   173                                  nextchar6:
   174 0000016D B05C                    mov al,92
   175 0000016F 268905                  mov [es:di],ax
   176 00000172 81C7A200                add di,162 ;slant right
   177 00000176 E2F5                    loop nextchar6
   178                                  
   179 00000178 81EFE801                sub di,488
   180 0000017C B90300                  mov cx,3
   181                                  
   182                                  nextchar7:
   183 0000017F B02A                    mov al,42
   184 00000181 268905                  mov [es:di],ax
   185 00000184 81EF0400                sub di,4 ;decrement leftwards
   186 00000188 E2F5                    loop nextchar7
   187                                  
   188                                  ;Printing M
   189                                  
   190 0000018A 81C75401                add di,340
   191 0000018E B90500                  mov cx,5
   192                                  
   193                                  nextchar8:
   194 00000191 B07C                    mov al,124
   195 00000193 268905                  mov [es:di],ax
   196 00000196 81EFA000                sub di,160 ;decrement upwards
   197 0000019A E2F5                    loop nextchar8
   198                                  
   199 0000019C B90600                  mov cx,6
   200                                  
   201                                  nextchar9:
   202 0000019F B05C                    mov al,92
   203 000001A1 268905                  mov[es:di],ax
   204 000001A4 81C7A200                add di,162 ;slant down right
   205 000001A8 E2F5                    loop nextchar9
   206                                  
   207 000001AA 81EFA200                sub di,162
   208 000001AE B90500                  mov cx,5
   209                                  
   210                                  nextchar10:
   211 000001B1 B02F                    mov al,47
   212 000001B3 268905                  mov[es:di],ax
   213 000001B6 81EF9E00                sub di,158 ;slant up right
   214 000001BA E2F5                    loop nextchar10
   215                                  
   216 000001BC B90600                  mov cx,6
   217                                  
   218                                  
   219                                  nextchar11:
   220 000001BF B07C                    mov al,124
   221 000001C1 268905                  mov[es:di],ax
   222 000001C4 81C7A000                add di,160 ;increment downwards
   223 000001C8 E2F5                    loop nextchar11
   224                                  
   225                                  ;Printing E
   226                                  
   227 000001CA 81EF9800                sub di,152
   228 000001CE B90300                  mov cx,3
   229                                  
   230                                  nextchar12:
   231 000001D1 B02A                    mov al,42
   232 000001D3 268905                  mov[es:di],ax
   233 000001D6 81C70400                add di,4
   234 000001DA E2F5                    loop nextchar12
   235                                  
   236 000001DC 81EF4401                sub di,324
   237 000001E0 B90300                  mov cx,3
   238                                  
   239                                  nextchar13:
   240 000001E3 268905                  mov[es:di],ax
   241 000001E6 81EF0400                sub di,4
   242 000001EA E2F7                    loop nextchar13
   243                                  
   244 000001EC 81EFE001                sub di,480
   245 000001F0 B90600                  mov cx,6
   246                                  
   247                                  nextchar31:
   248 000001F3 268905                  mov[es:di],ax
   249 000001F6 81C7A000                add di,160
   250 000001FA E2F7                    loop nextchar31
   251                                  
   252 000001FC 81EFBC03                sub di,956
   253 00000200 B90300                  mov cx,3
   254                                  
   255                                  nextchar14:
   256 00000203 B02A                    mov al,42
   257 00000205 268905                  mov[es:di],ax
   258 00000208 81C70400                add di,4
   259 0000020C E2F5                    loop nextchar14
   260                                  
   261                                  ;Printing O
   262                                  
   263 0000020E 81C70400                add di,4
   264 00000212 B90500                  mov cx,5
   265                                  
   266                                  nextchar16:
   267 00000215 B02A                    mov al,42
   268 00000217 268905                  mov[es:di],ax
   269 0000021A 81C7A000                add di,160
   270 0000021E E2F5                    loop nextchar16
   271                                  
   272 00000220 B90400                  mov cx,4
   273                                  
   274                                  nextchar17:
   275 00000223 268905                  mov[es:di],ax
   276 00000226 81C70400                add di,4
   277 0000022A E2F7                    loop nextchar17
   278                                  
   279 0000022C B90600                  mov cx,6
   280                                  
   281                                  nextchar18:
   282 0000022F 268905                  mov[es:di],ax
   283 00000232 81EFA000                sub di,160
   284 00000236 E2F7                    loop nextchar18
   285                                  
   286 00000238 81C7A000                add di,160
   287 0000023C B90400                  mov cx,4
   288                                  
   289                                  nextchar19:
   290 0000023F 268905                  mov[es:di],ax
   291 00000242 81EF0400                sub di,4
   292 00000246 E2F7                    loop nextchar19
   293                                  
   294                                  ;Printing V
   295 00000248 81C71000                add di,16
   296 0000024C B90600                  mov cx,6
   297                                  
   298                                  nextchar20:
   299 0000024F B05C                    mov al,92
   300 00000251 268905                  mov[es:di],ax
   301 00000254 81C7A200                add di,162 ;slant right
   302 00000258 E2F5                    loop nextchar20
   303                                  
   304 0000025A 81EFA000                sub di,160
   305 0000025E B90600                  mov cx,6
   306                                  
   307                                  nextchar21:
   308 00000261 B02F                    mov al,47
   309 00000263 268905                  mov[es:di],ax
   310 00000266 81EF9E00                sub di,158 ;slant up right
   311 0000026A E2F5                    loop nextchar21
   312                                  
   313                                  ;Printing E
   314                                  
   315 0000026C 81C7A000                add di,160
   316 00000270 B90600                  mov cx,6
   317                                  
   318                                  nextchar22:
   319 00000273 B02A                    mov al,42
   320 00000275 268905                  mov[es:di],ax
   321 00000278 81C7A000                add di,160
   322 0000027C E2F5                    loop nextchar22
   323                                  
   324 0000027E 81EFA000                sub di,160
   325 00000282 B90400                  mov cx,4
   326                                  
   327                                  nextchar23:
   328 00000285 268905                  mov[es:di],ax
   329 00000288 81C70400                add di,4
   330 0000028C E2F7                    loop nextchar23
   331                                  
   332 0000028E 81EF4401                sub di,324
   333 00000292 B90300                  mov cx,3
   334                                  
   335                                  nextchar24:
   336 00000295 268905                  mov[es:di],ax
   337 00000298 81EF0400                sub di,4
   338 0000029C E2F7                    loop nextchar24
   339                                  
   340 0000029E 81EFE001                sub di,480
   341 000002A2 B90400                  mov cx,4
   342                                  
   343                                  nextchar25:
   344 000002A5 268905                  mov[es:di],ax
   345 000002A8 81C70400                add di,4
   346 000002AC E2F7                    loop nextchar25
   347                                  
   348                                  ;Printing R
   349                                  
   350 000002AE 81C70200                add di,2
   351 000002B2 B90600                  mov cx,6
   352                                  
   353                                  nextchar26:
   354 000002B5 268905                  mov[es:di],ax
   355 000002B8 81C7A000                add di,160
   356 000002BC E2F7                    loop nextchar26
   357                                  
   358 000002BE 81EFC003                sub di,960
   359 000002C2 B90400                  mov cx,4
   360                                  
   361                                  nextchar27:
   362 000002C5 268905                  mov[es:di],ax
   363 000002C8 81C70400                add di,4
   364 000002CC E2F7                    loop nextchar27
   365                                  
   366 000002CE 81EF0400                sub di,4
   367 000002D2 B90300                  mov cx,3
   368                                  
   369                                  nextchar28:
   370 000002D5 268905                  mov[es:di],ax
   371 000002D8 81C7A000                add di,160
   372 000002DC E2F7                    loop nextchar28
   373                                  
   374 000002DE 81EFA000                sub di,160
   375 000002E2 B90300                  mov cx,3
   376                                  
   377                                  nextchar29:
   378 000002E5 268905                  mov[es:di],ax
   379 000002E8 81EF0400                sub di,4
   380 000002EC E2F7                    loop nextchar29
   381                                  
   382 000002EE B90400                  mov cx,4
   383                                  
   384                                  nextchar30:
   385 000002F1 268905                  mov[es:di],ax
   386 000002F4 81C7A400                add di,164
   387 000002F8 E2F7                    loop nextchar30
   388                                  
   389 000002FA 5F                      pop di
   390 000002FB 5E                      pop si
   391 000002FC 59                      pop cx
   392 000002FD 58                      pop ax
   393 000002FE 07                      pop es
   394 000002FF 5D                      pop bp
   395 00000300 C20A00                  ret 10
   396                                  ;-------------------------------------------------------
   397                                  ;----------------->ENDING------------------------------>
   398                                  ;-------------------------------------------------------
   399                                  ending:
   400 00000303 E84C00                  call clrscr
   401 00000306 E87900                  call bottomgreen
   402 00000309 B81B00                  mov ax, 27
   403 0000030C 50                      push ax
   404 0000030D B80D00                  mov ax,13
   405 00000310 50                      push ax
   406 00000311 B81200                  mov ax,18 ;color
   407 00000314 50                      push ax
   408 00000315 B8[6B00]                mov ax,message2
   409 00000318 50                      push ax
   410 00000319 FF36[7A00]              push word[length2]
   411 0000031D E89AFD                  call printstr
   412 00000320 B81B00                  mov ax, 27 
   413 00000323 50                      push ax
   414 00000324 B80F00                  mov ax,15
   415 00000327 50                      push ax
   416 00000328 B81200                  mov ax,18 ;color
   417 0000032B 50                      push ax
   418 0000032C B8[7C00]                mov ax,message4
   419 0000032F 50                      push ax
   420 00000330 FF36[9200]              push word[length4]
   421 00000334 E883FD                  call printstr
   422 00000337 B80200                  mov ax,2 ;top position
   423 0000033A 50                      push ax 
   424 0000033B B80200                  mov ax,2 ;left position
   425 0000033E 50                      push ax
   426 0000033F B81C00                  mov ax,28 ; color
   427 00000342 50                      push ax
   428 00000343 B80500                  mov ax,5 ;bottom
   429 00000346 50                      push ax
   430 00000347 B80300                  mov ax,3 
   431 0000034A 50                      push ax
   432 0000034B E8A6FD                  call printgameover
   433 0000034E A1[5D00]                mov ax,[scoreValue]
   434 00000351 C3                      ret
   435                                  ;-------------------------------------------------------
   436                                  ;----------------->CLRSCREEN--------------------------->
   437                                  ;-------------------------------------------------------
   438                                  clrscr:
   439 00000352 B800B8                  mov ax,0xb800
   440 00000355 8EC0                    mov es,ax
   441 00000357 BF0000                  mov di,0
   442                                  nextcharz:
   443 0000035A 26C7052016              mov word[es:di],0x1620
   444 0000035F 81C70200                add di,2
   445 00000363 81FFA00F                cmp di,4000
   446 00000367 75F1                    jne nextcharz
   447 00000369 C3                      ret
   448                                  ;-------------------------------------------------------
   449                                  ;----------------->CLEARLAST3-------------------------->
   450                                  ;-------------------------------------------------------
   451                                  clearLast3:
   452 0000036A B800B8                  mov ax,0xb800
   453 0000036D 8EC0                    mov es,ax
   454 0000036F BF3E0B                  mov di,2878
   455                                  nextBlue:
   456 00000372 26C7052016              mov word[es:di],0x1620
   457 00000377 81C70200                add di,2
   458 0000037B 81FF1E0D                cmp di,3358
   459 0000037F 75F1                    jne nextBlue
   460 00000381 C3                      ret
   461                                  ;---------------------------------------------------
   462                                  ;--------------->BOTTOM GREEN---------------------->
   463                                  ;---------------------------------------------------
   464                                  bottomgreen:
   465 00000382 B800B8                  mov ax,0xb800
   466 00000385 8EC0                    mov es,ax
   467 00000387 BF200D                  mov di,3360
   468                                  NextChar:
   469 0000038A 26C7052025              mov word[es:di],0x2520
   470 0000038F 81C70200                add di,2
   471 00000393 81FFA00F                cmp di,4000
   472 00000397 75F1                    jne NextChar
   473 00000399 C3                      ret
   474                                  ;----------------------------------------------------
   475                                  ;-------------->PRINT------------------------------->
   476                                  ;----------------------------------------------------
   477                                  print:
   478 0000039A B800B8                  mov ax, 0xb800 
   479 0000039D 8EC0                    mov es, ax
   480 0000039F BFB607                  mov di, 1974
   481 000003A2 BE[0300]                mov si,message;-->message:press any key to continue
   482 000003A5 8B0E[1C00]              mov cx,[length];-->length of the message
   483 000003A9 B492                    mov ah,146;-->Green color+blinking
   484                                  nextz:;-->printing the string
   485 000003AB 8A04                    mov al,[si]
   486 000003AD 268905                  mov [es:di],ax
   487 000003B0 81C70200                add di,2
   488 000003B4 81C60100                add si,1
   489 000003B8 E2F1                    loop nextz
   490                                  ;----------------------------------------------------
   491                                  ;-------------->PRINT-NAME-------------------------->
   492                                  ;----------------------------------------------------
   493                                  printname:
   494 000003BA B800B8                  mov ax, 0xb800 
   495 000003BD 8EC0                    mov es, ax
   496 000003BF BF8001                  mov di, 384
   497 000003C2 BE[1E00]                mov si,gamename;-->gamename:catch & score
   498 000003C5 8B0E[2B00]              mov cx,[namelength];-->namelength:catch & score length
   499 000003C9 B412                    mov ah,18
   500                                  nextc:
   501 000003CB 8A04                    mov al,[si]
   502 000003CD 268905                  mov [es:di],ax
   503 000003D0 81C70200                add di,2
   504 000003D4 81C60100                add si,1
   505 000003D8 E2F1                    loop nextc
   506 000003DA C3                      ret
   507                                  ;-------------------------------------------------------
   508                                  ;--------------------->Obj1---------------------------->
   509                                  ;-------------------------------------------------------
   510                                  obj1:
   511 000003DB B800B8                  mov ax, 0xb800 
   512 000003DE 8EC0                    mov es, ax
   513 000003E0 BFBC02                  mov di, 700
   514 000003E3 B82A14                  mov ax,0x142A;-->FOR PRINTING STAR
   515 000003E6 268905                  mov [es:di],ax
   516 000003E9 81C70200                add di,2
   517 000003ED 268905                  mov [es:di],ax
   518 000003F0 81C79C00                add di,156
   519 000003F4 268905                  mov [es:di],ax
   520 000003F7 81C70200                add di,2
   521 000003FB 268905                  mov [es:di],ax
   522 000003FE 81C70200                add di,2
   523 00000402 268905                  mov [es:di],ax
   524 00000405 81C70200                add di,2
   525 00000409 268905                  mov [es:di],ax
   526 0000040C 81C79C00                add di,156
   527 00000410 268905                  mov [es:di],ax
   528 00000413 81C70200                add di,2
   529 00000417 268905                  mov [es:di],ax
   530 0000041A C3                      ret
   531                                  ;-------------------------------------------------------
   532                                  ;--------------------->Obj2---------------------------->
   533                                  ;-------------------------------------------------------
   534                                  obj2:
   535 0000041B B800B8                  mov ax, 0xb800 
   536 0000041E 8EC0                    mov es, ax
   537 00000420 BF9E02                  mov di, 670
   538 00000423 B82A16                  mov ax,0x162A
   539 00000426 268905                  mov [es:di],ax
   540 00000429 81C70200                add di,2
   541 0000042D 268905                  mov [es:di],ax
   542 00000430 81C79C00                add di,156
   543 00000434 268905                  mov [es:di],ax
   544 00000437 81C70200                add di,2
   545 0000043B 268905                  mov [es:di],ax
   546 0000043E 81C70200                add di,2
   547 00000442 268905                  mov [es:di],ax
   548 00000445 81C70200                add di,2
   549 00000449 268905                  mov [es:di],ax
   550 0000044C 81C79C00                add di,156
   551 00000450 268905                  mov [es:di],ax
   552 00000453 81C70200                add di,2
   553 00000457 268905                  mov [es:di],ax
   554 0000045A C3                      ret
   555                                  ;-------------------------------------------------------
   556                                  ;--------------------->BOMB---------------------------->
   557                                  ;-------------------------------------------------------
   558                                  bomb:
   559 0000045B B800B8                  mov ax, 0xb800 
   560 0000045E 8EC0                    mov es, ax
   561 00000460 BFF802                  mov di, 760
   562 00000463 B82A10                  mov ax,0x102A
   563 00000466 268905                  mov [es:di],ax
   564 00000469 81C70200                add di,2
   565 0000046D 268905                  mov [es:di],ax
   566 00000470 81C79C00                add di,156
   567 00000474 268905                  mov [es:di],ax
   568 00000477 81C70200                add di,2
   569 0000047B 268905                  mov [es:di],ax
   570 0000047E 81C70200                add di,2
   571 00000482 268905                  mov [es:di],ax
   572 00000485 81C70200                add di,2
   573 00000489 268905                  mov [es:di],ax
   574 0000048C 81C79C00                add di,156
   575 00000490 268905                  mov [es:di],ax
   576 00000493 81C70200                add di,2
   577 00000497 268905                  mov [es:di],ax
   578 0000049A C3                      ret
   579                                  ;-------------------------------------------------------
   580                                  ;--------------------->OBJ3---------------------------->
   581                                  ;-------------------------------------------------------
   582                                  obj3:;-->FOR THE SQUARE
   583 0000049B B800B8                  mov ax, 0xb800
   584 0000049E 8EC0                    mov es, ax
   585 000004A0 BFD602                  mov di, 726
   586 000004A3 B82A1D                  mov ax,0x1D2A
   587 000004A6 268905                  mov [es:di],ax
   588 000004A9 81C70200                add di,2
   589 000004AD 268905                  mov [es:di],ax
   590 000004B0 81C70200                add di,2
   591 000004B4 268905                  mov [es:di],ax
   592 000004B7 81C70200                add di,2
   593 000004BB 268905                  mov [es:di],ax
   594 000004BE 81EF0600                sub di,6
   595 000004C2 81C7A000                add di,160
   596 000004C6 268905                  mov [es:di],ax
   597 000004C9 81C7A000                add di,160
   598 000004CD 268905                  mov [es:di],ax
   599 000004D0 81C70200                add di,2
   600 000004D4 268905                  mov [es:di],ax
   601 000004D7 81C70200                add di,2
   602 000004DB 268905                  mov [es:di],ax
   603 000004DE 81C70200                add di,2
   604 000004E2 268905                  mov [es:di],ax
   605 000004E5 81EFA000                sub di,160
   606 000004E9 268905                  mov [es:di],ax
   607 000004EC C3                      ret
   608                                  
   609                                  ;------------
   610                                  ;-------------------------------------------------------
   611                                  ;----------------->NEWOBJ1----------------------------->
   612                                  ;-------------------------------------------------------
   613                                  newobj1:
   614 000004ED B800B8                  mov ax, 0xb800 
   615 000004F0 8EC0                    mov es, ax
   616 000004F2 89D7                    mov di,dx
   617 000004F4 B82A14                  mov ax,0x142A
   618 000004F7 268905                  mov [es:di],ax
   619 000004FA 81C70200                add di,2
   620 000004FE 268905                  mov [es:di],ax
   621 00000501 81C79C00                add di,156
   622 00000505 268905                  mov [es:di],ax
   623 00000508 81C70200                add di,2
   624 0000050C 268905                  mov [es:di],ax
   625 0000050F 81C70200                add di,2
   626 00000513 268905                  mov [es:di],ax
   627 00000516 81C70200                add di,2
   628 0000051A 268905                  mov [es:di],ax
   629 0000051D 81C79C00                add di,156
   630 00000521 268905                  mov [es:di],ax
   631 00000524 81C70200                add di,2
   632 00000528 268905                  mov [es:di],ax
   633 0000052B C3                      ret
   634                                  ;-------------------------------------------------------
   635                                  ;----------------->NEWOBJ2----------------------------->
   636                                  ;-------------------------------------------------------
   637                                  newobj2:
   638 0000052C B800B8                  mov ax, 0xb800 
   639 0000052F 8EC0                    mov es, ax
   640 00000531 89D7                    mov di,dx
   641 00000533 B82A16                  mov ax,0x162A
   642 00000536 268905                  mov [es:di],ax
   643 00000539 81C70200                add di,2
   644 0000053D 268905                  mov [es:di],ax
   645 00000540 81C79C00                add di,156
   646 00000544 268905                  mov [es:di],ax
   647 00000547 81C70200                add di,2
   648 0000054B 268905                  mov [es:di],ax
   649 0000054E 81C70200                add di,2
   650 00000552 268905                  mov [es:di],ax
   651 00000555 81C70200                add di,2
   652 00000559 268905                  mov [es:di],ax
   653 0000055C 81C79C00                add di,156
   654 00000560 268905                  mov [es:di],ax
   655 00000563 81C70200                add di,2
   656 00000567 268905                  mov [es:di],ax
   657 0000056A C3                      ret
   658                                  ;-------------------------------------------------------
   659                                  ;----------------->NEWOBJ3----------------------------->
   660                                  ;-------------------------------------------------------
   661                                  newobj3:
   662 0000056B B800B8                  mov ax, 0xb800
   663 0000056E 8EC0                    mov es, ax
   664 00000570 89D7                    mov di,dx
   665 00000572 B82A1D                  mov ax,0x1D2A
   666 00000575 268905                  mov [es:di],ax
   667 00000578 81C70200                add di,2
   668 0000057C 268905                  mov [es:di],ax
   669 0000057F 81C70200                add di,2
   670 00000583 268905                  mov [es:di],ax
   671 00000586 81C70200                add di,2
   672 0000058A 268905                  mov [es:di],ax
   673 0000058D 81EF0600                sub di,6
   674 00000591 81C7A000                add di,160
   675 00000595 268905                  mov [es:di],ax
   676 00000598 81C7A000                add di,160
   677 0000059C 268905                  mov [es:di],ax
   678 0000059F 81C70200                add di,2
   679 000005A3 268905                  mov [es:di],ax
   680 000005A6 81C70200                add di,2
   681 000005AA 268905                  mov [es:di],ax
   682 000005AD 81C70200                add di,2
   683 000005B1 268905                  mov [es:di],ax
   684 000005B4 81EFA000                sub di,160
   685 000005B8 268905                  mov [es:di],ax
   686 000005BB C3                      ret
   687                                  ;-------------------------------------------------------
   688                                  ;----------------->NEWBOMOB---------------------------->
   689                                  ;-------------------------------------------------------
   690                                  newbomb:
   691 000005BC B800B8                  mov ax, 0xb800 
   692 000005BF 8EC0                    mov es, ax
   693 000005C1 89D7                    mov di,dx
   694 000005C3 B82A10                  mov ax,0x102A
   695 000005C6 268905                  mov [es:di],ax
   696 000005C9 81C70200                add di,2
   697 000005CD 268905                  mov [es:di],ax
   698 000005D0 81C79C00                add di,156
   699 000005D4 268905                  mov [es:di],ax
   700 000005D7 81C70200                add di,2
   701 000005DB 268905                  mov [es:di],ax
   702 000005DE 81C70200                add di,2
   703 000005E2 268905                  mov [es:di],ax
   704 000005E5 81C70200                add di,2
   705 000005E9 268905                  mov [es:di],ax
   706 000005EC 81C79C00                add di,156
   707 000005F0 268905                  mov [es:di],ax
   708 000005F3 81C70200                add di,2
   709 000005F7 268905                  mov [es:di],ax
   710 000005FA C3                      ret
   711                                  ;----------------------------------------------
   712                                  ;------------------>p1------------------------>
   713                                  ;----------------------------------------------
   714                                  p1:
   715 000005FB B800B8                  mov ax, 0xb800 
   716 000005FE 8EC0                    mov es, ax
   717 00000600 BF0404                  mov di, 1028
   718 00000603 BE[2D00]                mov si,ob1
   719 00000606 8B0E[3500]              mov cx,[l1]
   720 0000060A B414                    mov ah,0x14
   721                                  nexT:
   722 0000060C 8A04                    mov al,[si]
   723 0000060E 268905                  mov [es:di],ax
   724 00000611 81C70200                add di,2
   725 00000615 81C60100                add si,1
   726 00000619 E2F1                    loop nexT
   727 0000061B C3                      ret
   728                                  ;----------------------------------------------
   729                                  ;------------------>p2------------------------>
   730                                  ;----------------------------------------------
   731                                  p2:
   732 0000061C B800B8                  mov ax, 0xb800 
   733 0000061F 8EC0                    mov es, ax
   734 00000621 BFE803                  mov di, 1000
   735 00000624 BE[3700]                mov si,ob2
   736 00000627 8B0E[3E00]              mov cx,[l2]
   737 0000062B B416                    mov ah,0x16
   738                                  next1:
   739 0000062D 8A04                    mov al,[si]
   740 0000062F 268905                  mov [es:di],ax
   741 00000632 81C70200                add di,2
   742 00000636 81C60100                add si,1
   743 0000063A E2F1                    loop next1
   744 0000063C C3                      ret
   745                                  ;----------------------------------------------
   746                                  ;------------------>p3------------------------>
   747                                  ;----------------------------------------------
   748                                  p3:
   749 0000063D B800B8                  mov ax, 0xb800 
   750 00000640 8EC0                    mov es, ax
   751 00000642 BF2004                  mov di, 1056
   752 00000645 BE[4000]                mov si,ob3
   753 00000648 8B0E[4800]              mov cx,[l3]
   754 0000064C B41D                    mov ah,0x1D
   755                                  nexT1:
   756 0000064E 8A04                    mov al,[si]
   757 00000650 268905                  mov [es:di],ax
   758 00000653 81C70200                add di,2
   759 00000657 81C60100                add si,1
   760 0000065B E2F1                    loop nexT1
   761 0000065D C3                      ret
   762                                  ;----------------------------------------------
   763                                  ;------------------>p4------------------------>
   764                                  ;----------------------------------------------
   765                                  p4:
   766 0000065E B800B8                  mov ax, 0xb800 
   767 00000661 8EC0                    mov es, ax
   768 00000663 BF3E04                  mov di, 1086
   769 00000666 BE[4A00]                mov si,Bomb
   770 00000669 8B0E[5200]              mov cx,[l4]
   771 0000066D B410                    mov ah,0x10
   772                                  neXT1:
   773 0000066F 8A04                    mov al,[si]
   774 00000671 268905                  mov [es:di],ax
   775 00000674 81C70200                add di,2
   776 00000678 81C60100                add si,1
   777 0000067C E2F1                    loop neXT1
   778 0000067E C3                      ret
   779                                  
   780                                  ;------------
   781                                  ;-------------------------------------------------------
   782                                  ;----------------->ADD1------------------------------->
   783                                  ;-------------------------------------------------------
   784                                  ;in order to not get odd values in di
   785                                  
   786                                  add1:
   787 0000067F 80C201                  add dl,1
   788 00000682 E92800                  jmp back
   789                                  
   790                                  add2:
   791 00000685 80C201                  add dl,1
   792 00000688 E94000                  jmp back2
   793                                  
   794                                  add3:
   795 0000068B 80C201                  add dl,1
   796 0000068E E95800                  jmp back3
   797                                  
   798                                  add4:
   799 00000691 80C201                  add dl,1
   800 00000694 E97000                  jmp back4
   801                                  ;-------------------------------------------------------
   802                                  ;----------------->GENOBJ1----------------------------->
   803                                  ;-------------------------------------------------------
   804                                  genobj1:
   805 00000697 812E[9400]0100          sub word[delay],1
   806 0000069D 7515                    jnz notyet
   807 0000069F C706[9400]1C00          mov word[delay],28
   808 000006A5 E801FA                  call randgen2
   809 000006A8 F6C201                  test dl,1
   810 000006AB 75D2                    jnz add1
   811                                  back:
   812 000006AD 81C24001                add dx,320 ;to print below "score"
   813 000006B1 E839FE                  call newobj1
   814                                  notyet:
   815 000006B4 C3                      ret
   816                                  ;-------------------------------------------------------
   817                                  ;----------------->GENOBJ2----------------------------->
   818                                  ;-------------------------------------------------------
   819                                  genobj2:
   820 000006B5 812E[9400]0100          sub word[delay],1
   821 000006BB 7515                    jnz notyet2
   822 000006BD C706[9400]1C00          mov word[delay],28
   823 000006C3 E8E3F9                  call randgen2
   824 000006C6 F6C201                  test dl,1
   825 000006C9 75BA                    jnz add2
   826                                  back2:
   827 000006CB 81C24001                add dx,320
   828 000006CF E85AFE                  call newobj2
   829                                  notyet2:
   830 000006D2 C3                      ret
   831                                  ;-------------------------------------------------------
   832                                  ;----------------->GENOBJ3----------------------------->
   833                                  ;-------------------------------------------------------
   834                                  genobj3:
   835 000006D3 812E[9400]0100          sub word[delay],1
   836 000006D9 7515                    jnz notyet3
   837 000006DB C706[9400]1C00          mov word[delay],28
   838 000006E1 E8C5F9                  call randgen2
   839 000006E4 F6C201                  test dl,1
   840 000006E7 75A2                    jnz add3
   841                                  back3:
   842 000006E9 81C24001                add dx,320
   843 000006ED E87BFE                  call newobj3
   844                                  notyet3:
   845 000006F0 C3                      ret
   846                                  ;-------------------------------------------------------
   847                                  ;----------------->GENBOMB----------------------------->
   848                                  ;-------------------------------------------------------
   849                                  genbomb:
   850 000006F1 812E[9400]0100          sub word[delay],1
   851 000006F7 7515                    jnz notyet4
   852 000006F9 C706[9400]1C00          mov word[delay],28
   853 000006FF E8A7F9                  call randgen2
   854 00000702 F6C201                  test dl,1
   855 00000705 758A                    jnz add4
   856                                  back4:
   857 00000707 81C24001                add dx,320
   858 0000070B E8AEFE                  call newbomb
   859                                  notyet4:
   860 0000070E C3                      ret
   861                                  ;-------------------------------------------------------
   862                                  ;----------------->objectspawner----------------------->
   863                                  ;-------------------------------------------------------
   864                                  objectspawner:
   865 0000070F E886F9                  call randgen
   866 00000712 80FA30                  cmp dl,'0'
   867 00000715 7503                    jne nextcomp
   868 00000717 E87DFF                  call genobj1
   869                                  
   870                                  nextcomp:
   871 0000071A 80FA31                  cmp dl,'1'
   872 0000071D 7503                    jne nextcomp2
   873 0000071F E893FF                  call genobj2
   874                                  
   875                                  nextcomp2:
   876 00000722 80FA32                  cmp dl,'2'
   877 00000725 7503                    jne nextcomp3
   878 00000727 E8A9FF                  call genobj3
   879                                  
   880                                  nextcomp3:
   881 0000072A 80FA33                  cmp dl,'3'
   882 0000072D 7503                    jne nomatch2
   883 0000072F E8BFFF                  call genbomb
   884                                  
   885                                  nomatch2:
   886 00000732 C3                      ret
   887                                  ;-----------------------------------------------------
   888                                  ;----------->START SCREEN---------------------------->
   889                                  ;-----------------------------------------------------
   890                                  startScreen:
   891 00000733 E84CFC                  call bottomgreen;-->making the bottom of start screen green
   892 00000736 E861FC                  call print;--> printing the string " press any key to continue"
   893 00000739 E87EFC                  call printname;-->printing the string "Catch & Score"
   894 0000073C E89CFC                  call obj1;-->for printing first triangle
   895 0000073F E8D9FC                  call obj2;-->for printing second triangle
   896 00000742 E816FD                  call bomb;-->for printing third triangle
   897 00000745 E853FD                  call obj3;-->for printing square
   898 00000748 E8B0FE                  call p1;-->telling point 5
   899 0000074B E8CEFE                  call p2;-->telling point 10
   900 0000074E E8ECFE                  call p3;-->telling point 15
   901 00000751 E80AFF                  call p4;-->telling point game end
   902 00000754 C3                      ret
   903                                  ;-------------------------------------------------------
   904                                  ;----------------->PRESSANYKEY------------------------->
   905                                  ;-------------------------------------------------------
   906                                  PressAnyKey:
   907 00000755 B400                    mov ah,0
   908 00000757 CD16                    int 16h;-->(if a keystroke is present, it is removed from the keyboard buffer)
   909 00000759 C3                      ret
   910                                  ;-------------------------------------------------------
   911                                  ;----------------->GAMESCREEN-------------------------->
   912                                  ;-------------------------------------------------------
   913                                  GameScreen:
   914 0000075A E8F5FB                  call clrscr;-->cleared all previous starting screen
   915 0000075D E822FC                  call bottomgreen;-->made bottom green
   916 00000760 E82B00                  call bucketl;-->used for left making of bucket
   917 00000763 E84300                  call bucketb;-->used for bottom making of bucket
   918 00000766 E85B00                  call bucketr;-->used for right making of bucket
   919 00000769 E80100                  call printText;-->used for printing score
   920 0000076C C3                      ret
   921                                  ;-------------------------------------------------------
   922                                  ;----------------->PRINTTEXT--------------------------->
   923                                  ;-------------------------------------------------------
   924                                  printText:
   925 0000076D B800B8                  mov ax, 0xb800 
   926 00000770 8EC0                    mov es, ax
   927 00000772 BF0601                  mov di, 262
   928 00000775 BE[5400]                mov si,msg2;msg2 contains score
   929 00000778 8B0E[5B00]              mov cx,[len2]
   930 0000077C B412                    mov ah,18
   931                                  nextcH:
   932 0000077E 8A04                    mov al,[si]
   933 00000780 268905                  mov [es:di],ax
   934 00000783 81C70200                add di,2
   935 00000787 81C60100                add si,1
   936 0000078B E2F1                    loop nextcH
   937 0000078D C3                      ret
   938                                  ;-------------------------------------------------------
   939                                  ;----------------->BUCKETl----------------------------->
   940                                  ;-------------------------------------------------------
   941                                  bucketl:
   942 0000078E B800B8                  mov ax,0xb800
   943 00000791 8EC0                    mov es,ax
   944 00000793 BF620D                  mov di,3426
   945 00000796 893E[6100]              mov [bucketLeftDi],di
   946 0000079A B90300                  mov cx,3
   947                                  nextAsterick:
   948 0000079D 26C7057C24              mov word[es:di],0x247C
   949 000007A2 81C7A000                add di,160
   950 000007A6 E2F5                    loop nextAsterick
   951 000007A8 C3                      ret
   952                                  ;-------------------------------------------------------
   953                                  ;----------------->BUCKETb----------------------------->
   954                                  ;-------------------------------------------------------
   955                                  bucketb:
   956 000007A9 B800B8                  mov ax,0xb800
   957 000007AC 8EC0                    mov es,ax
   958 000007AE BF420F                  mov di,3906
   959 000007B1 893E[6300]              mov [bucketBaseDi],di
   960 000007B5 B90700                  mov cx,7
   961                                  nextAsteric:
   962 000007B8 26C7052A24              mov word[es:di],0x242A
   963 000007BD 81C70200                add di,2
   964 000007C1 E2F5                    loop nextAsteric
   965 000007C3 C3                      ret
   966                                  ;-------------------------------------------------------
   967                                  ;----------------->BUCKETr----------------------------->
   968                                  ;-------------------------------------------------------
   969                                  bucketr:
   970 000007C4 B800B8                  mov ax,0xb800
   971 000007C7 8EC0                    mov es,ax
   972 000007C9 BF6E0D                  mov di,3438
   973 000007CC 893E[6500]              mov [bucketRightDi],di
   974 000007D0 B90300                  mov cx,3
   975                                  nextAstericK11:
   976 000007D3 26C7057C24              mov word[es:di],0x247C
   977 000007D8 81C7A000                add di,160
   978 000007DC E2F5                    loop nextAstericK11
   979 000007DE C3                      ret
   980                                  ;-------------------------------------------------------
   981                                  ;----------------->SCROLL------------------------------>
   982                                  ;-------------------------------------------------------
   983                                  scroll:
   984 000007DF 55                      push bp
   985 000007E0 89E5                    mov bp,sp
   986 000007E2 50                      push ax
   987 000007E3 51                      push cx
   988 000007E4 56                      push si
   989 000007E5 57                      push di
   990 000007E6 06                      push es
   991 000007E7 1E                      push ds
   992 000007E8 B85000                  mov ax, 80 
   993 000007EB F66604                  mul byte [bp+4] 
   994 000007EE 50                      push ax 
   995 000007EF D1E0                    shl ax, 1  
   996 000007F1 BE1E0D                  mov si, 3358
   997 000007F4 29C6                    sub si, ax 
   998 000007F6 B9F005                  mov cx, 1520
   999 000007F9 D1E8                    shr ax,1 
  1000 000007FB 29C1                    sub cx, ax 
  1001 000007FD B800B8                  mov ax, 0xb800
  1002 00000800 8EC0                    mov es, ax 
  1003 00000802 8ED8                    mov ds, ax 
  1004 00000804 BF1E0D                  mov di, 3358 
  1005 00000807 FD                      std 
  1006 00000808 F3A5                    rep movsw 
  1007 0000080A B82016                  mov ax, 0x1620
  1008 0000080D 59                      pop cx
  1009 0000080E F3AB                    rep stosw
  1010 00000810 1F                      pop ds
  1011 00000811 07                      pop es
  1012 00000812 5F                      pop di
  1013 00000813 5E                      pop si
  1014 00000814 59                      pop cx
  1015 00000815 58                      pop ax
  1016 00000816 5D                      pop bp
  1017 00000817 C20200                  ret 2
  1018                                  ;-------------------------------------------------------
  1019                                  ;----------------->CHECKCOLOR-------------------------->
  1020                                  ;-------------------------------------------------------
  1021                                  checkColor:
  1022 0000081A 26813D2A14              cmp word[es:di],0x142A;-->FOR RED
  1023 0000081F 750C                    jne checkNext
  1024 00000821 8106[5D00]0A00          add word[scoreValue],10
  1025 00000827 E840FB                  call clearLast3
  1026 0000082A E94100                  jmp Continue2
  1027                                  checkNext:
  1028 0000082D 26813D2A16              cmp word[es:di],0x162A;-->FOR ORANGE
  1029 00000832 750C                    jne checkNext2
  1030 00000834 8106[5D00]0500          add word[scoreValue],5
  1031 0000083A E82DFB                  call clearLast3
  1032 0000083D E92E00                  jmp Continue2
  1033                                  checkNext2:
  1034 00000840 26813D2A1D              cmp word[es:di],0x1D2A;-->FOR WHITE
  1035 00000845 750C                    jne checkNext3
  1036 00000847 8106[5D00]0F00          add word[scoreValue],15
  1037 0000084D E81AFB                  call clearLast3
  1038 00000850 E91B00                  jmp Continue2
  1039                                  checkNext3:
  1040 00000853 E9BE01                  jmp cont
  1041                                  ;-------------------------------------------------------
  1042                                  ;----------------->CHECKPOINT-------------------------->
  1043                                  ;-------------------------------------------------------
  1044                                  checkPoint:
  1045 00000856 B90700                  mov cx,7
  1046 00000859 8B3E[6100]              mov di,[bucketLeftDi]
  1047 0000085D 81EFA000                sub di,160
  1048                                  CheckBlue:
  1049 00000861 26813D2016              cmp word[es:di],0x1620
  1050 00000866 75B2                    jne checkColor
  1051 00000868 81C70200                add di,2
  1052 0000086C E2F3                    loop CheckBlue
  1053                                  Continue2:
  1054 0000086E C3                      ret
  1055                                  ;-------------------------------------------------------
  1056                                  ;----------------->movebucketpos----------------------->
  1057                                  ;-------------------------------------------------------
  1058                                  moveBucketPos:
  1059 0000086F E810FB                  call bottomgreen
  1060 00000872 B800B8                  mov ax,0xb800
  1061 00000875 8EC0                    mov es,ax
  1062 00000877 8B3E[6100]              mov di,[bucketLeftDi];-->leftdi moves
  1063 0000087B B90300                  mov cx,3
  1064                                  nextAsterick1:
  1065 0000087E 26C7057C24              mov word[es:di],0x247C
  1066 00000883 81C7A000                add di,160
  1067 00000887 E2F5                    loop nextAsterick1
  1068 00000889 B800B8                  mov ax,0xb800
  1069 0000088C 8EC0                    mov es,ax
  1070 0000088E 8B3E[6500]              mov di,[bucketRightDi];-->right di moves
  1071 00000892 B90300                  mov cx,3
  1072                                  nextAstericK:
  1073 00000895 26C7057C24              mov word[es:di],0x247C
  1074 0000089A 81C7A000                add di,160
  1075 0000089E E2F5                    loop nextAstericK
  1076 000008A0 B800B8                  mov ax,0xb800
  1077 000008A3 8EC0                    mov es,ax
  1078 000008A5 8B3E[6300]              mov di,[bucketBaseDi];-->bucketbase di moves
  1079 000008A9 B90700                  mov cx,7
  1080                                  nextAsteric1:
  1081 000008AC 26C7052A24              mov word[es:di],0x242A
  1082 000008B1 81C70200                add di,2
  1083 000008B5 E2F5                    loop nextAsteric1
  1084                                  
  1085 000008B7 E855FE                  call objectspawner
  1086                                  
  1087 000008BA C3                      ret
  1088                                  ;-------------------------------------------------------
  1089                                  ;----------------->PRINTSCOREEND----------------------->
  1090                                  ;-------------------------------------------------------
  1091                                  PrintScoreEnd:
  1092 000008BB 55                      push bp
  1093 000008BC 89E5                    mov bp, sp
  1094 000008BE 06                      push es
  1095 000008BF 50                      push ax
  1096 000008C0 53                      push bx
  1097 000008C1 51                      push cx
  1098 000008C2 52                      push dx
  1099 000008C3 57                      push di
  1100 000008C4 B800B8                  mov ax, 0xb800
  1101 000008C7 8EC0                    mov es, ax 
  1102 000008C9 8B4604                  mov ax, [bp+4] 
  1103 000008CC BB0A00                  mov bx, 10 
  1104 000008CF B90000                  mov cx, 0 
  1105                                  nextdigitz: 
  1106 000008D2 BA0000                  mov dx, 0 
  1107 000008D5 F7F3                    div bx 
  1108 000008D7 80C230                  add dl, 0x30 
  1109 000008DA 52                      push dx 
  1110 000008DB 41                      inc cx 
  1111 000008DC 3D0000                  cmp ax, 0 
  1112 000008DF 75F1                    jnz nextdigitz
  1113 000008E1 BF7208                  mov di, 2162
  1114                                  nextposz: 
  1115 000008E4 5A                      pop dx 
  1116 000008E5 B612                    mov dh, 18 
  1117 000008E7 268915                  mov [es:di], dx 
  1118 000008EA 81C70200                add di, 2 
  1119 000008EE E2F4                    loop nextposz
  1120 000008F0 5F                      pop di
  1121 000008F1 5A                      pop dx
  1122 000008F2 59                      pop cx
  1123 000008F3 5B                      pop bx
  1124 000008F4 58                      pop ax
  1125 000008F5 07                      pop es
  1126 000008F6 5D                      pop bp
  1127 000008F7 C20200                  ret 2
  1128                                  ;-------------------------------------------------------
  1129                                  ;----------------->PRINTSCORE-------------------------->
  1130                                  ;-------------------------------------------------------
  1131                                  PrintScore:
  1132 000008FA 55                      push bp
  1133 000008FB 89E5                    mov bp, sp
  1134 000008FD 06                      push es
  1135 000008FE 50                      push ax
  1136 000008FF 53                      push bx
  1137 00000900 51                      push cx
  1138 00000901 52                      push dx
  1139 00000902 57                      push di
  1140 00000903 B800B8                  mov ax, 0xb800
  1141 00000906 8EC0                    mov es, ax 
  1142 00000908 8B4604                  mov ax, [bp+4] 
  1143 0000090B BB0A00                  mov bx, 10 
  1144 0000090E B90000                  mov cx, 0 
  1145                                  nextdigit: 
  1146 00000911 BA0000                  mov dx, 0 
  1147 00000914 F7F3                    div bx 
  1148 00000916 80C230                  add dl, 0x30 
  1149 00000919 52                      push dx 
  1150 0000091A 41                      inc cx 
  1151 0000091B 3D0000                  cmp ax, 0 
  1152 0000091E 75F1                    jnz nextdigit 
  1153 00000920 BF1201                  mov di, 274 
  1154                                  nextpos: 
  1155 00000923 5A                      pop dx 
  1156 00000924 B612                    mov dh, 18 
  1157 00000926 268915                  mov [es:di], dx 
  1158 00000929 81C70200                add di, 2 
  1159 0000092D E2F4                    loop nextpos 
  1160 0000092F 5F                      pop di
  1161 00000930 5A                      pop dx
  1162 00000931 59                      pop cx
  1163 00000932 5B                      pop bx
  1164 00000933 58                      pop ax
  1165 00000934 07                      pop es
  1166 00000935 5D                      pop bp
  1167 00000936 C20200                  ret 2 
  1168                                  ;-------------------------------------------------------
  1169                                  ;----------------->noMOV------------------------------->
  1170                                  ;-------------------------------------------------------
  1171                                  nomove:
  1172 00000939 8106[6500]0400          add word[bucketRightDi],4
  1173 0000093F 8106[6100]0400          add word[bucketLeftDi],4
  1174 00000945 8106[6300]0400          add word[bucketBaseDi],4
  1175 0000094B E96A00                  jmp nomatch
  1176                                  ;-------------------------------------------------------
  1177                                  ;----------------->noMOVe2----------------------------->
  1178                                  ;-------------------------------------------------------
  1179                                  nomove2:
  1180 0000094E 812E[6500]0400          sub word[bucketRightDi],4
  1181 00000954 812E[6100]0400          sub word[bucketLeftDi],4
  1182 0000095A 812E[6300]0400          sub word[bucketBaseDi],4
  1183 00000960 E95500                  jmp nomatch
  1184                                  ;-------------------------------------------------------
  1185                                  ;----------------->incMIN------------------------------>
  1186                                  ;-------------------------------------------------------
  1187                                  incMIN:
  1188 00000963 8106[6900]0100          add word[minutes],1
  1189 00000969 C706[6700]0000          mov word[seconds],0
  1190 0000096F E97600                  jmp con
  1191                                  ;-------------------------------------------------------
  1192                                  ;----------------->MOVE-------------------------------->
  1193                                  ;-------------------------------------------------------
  1194                                  move:
  1195                                  ;call updatedTimer
  1196 00000972 B800B8                  mov ax, 0xb800
  1197 00000975 8EC0                    mov es, ax
  1198 00000977 E460                    in al, 0x60;-->command for reading the key pressed
  1199                                  
  1200 00000979 3C4B                    cmp al, 75 ;left
  1201 0000097B 751D                    jne nextcmp
  1202 0000097D 812E[6500]0400          sub word[bucketRightDi],4
  1203 00000983 812E[6100]0400          sub word[bucketLeftDi],4
  1204 00000989 812E[6300]0400          sub word[bucketBaseDi],4
  1205 0000098F 813E[6100]200D          cmp word[bucketLeftDi],3360
  1206 00000995 72A2                    jb nomove
  1207 00000997 E91E00                  jmp nomatch
  1208                                  nextcmp:
  1209 0000099A 3C4D                    cmp al, 77 ;right
  1210 0000099C 751A                    jne nomatch
  1211 0000099E 8106[6500]0400          add word[bucketRightDi],4
  1212 000009A4 8106[6100]0400          add word[bucketLeftDi],4
  1213 000009AA 8106[6300]0400          add word[bucketBaseDi],4
  1214 000009B0 813E[6100]B20D          cmp word[bucketLeftDi],3506
  1215 000009B6 7796                    ja nomove2
  1216                                  nomatch:
  1217 000009B8 812E[9600]0100          sub word[scrollDelay],1;-->scroll delay
  1218 000009BE 7517                    jnz notyet5
  1219 000009C0 C706[9600]0500          mov word[scrollDelay],5
  1220 000009C6 B80100                  mov ax,1
  1221 000009C9 50                      push ax
  1222 000009CA E812FE                  call scroll
  1223 000009CD E886FE                  call checkPoint
  1224 000009D0 A1[5D00]                mov ax,[scoreValue]
  1225 000009D3 50                      push ax
  1226 000009D4 E823FF                  call PrintScore
  1227                                  notyet5:
  1228                                  ;call moveBucketPos
  1229 000009D7 C3                      ret
  1230                                  ;-------------------------------------------------------
  1231                                  ;----------------->UPDATEDTIMER------------------------>
  1232                                  ;-------------------------------------------------------
  1233                                  updatedTimer:
  1234 000009D8 8106[6700]0100          add word[seconds],1
  1235 000009DE 813E[6700]3C00          cmp word[seconds],60
  1236 000009E4 0F847BFF                je incMIN
  1237                                  con:
  1238 000009E8 813E[6900]1E00          cmp word[minutes],30
  1239 000009EE 74F8                    je con
  1240 000009F0 C3                      ret
  1241                                  ;-------------------------------------------------------
  1242                                  ;----------------->MOVEBUCKET-------------------------->
  1243                                  ;-------------------------------------------------------
  1244                                  moveBucket:
  1245                                  ll1:
  1246 000009F1 B401                    mov ah,0x01
  1247 000009F3 CD16                    int 0x16
  1248 000009F5 E87AFF                  call move
  1249 000009F8 B90100                  mov cx,01h
  1250 000009FB BA0000                  mov dx,0h
  1251 000009FE B486                    mov ah,86h
  1252 00000A00 CD15                    int 15h
  1253 00000A02 EBED                    jmp ll1
  1254 00000A04 C3                      ret
  1255                                  ;-------------------------------------------------------
  1256                                  ;----------------->START------------------------------->
  1257                                  ;-------------------------------------------------------
  1258                                  start:
  1259                                  ;-->BASIC FUNCTION FOR CLEARING SCREEN
  1260 00000A05 E84AF9                  call clrscr
  1261                                  ;-->FUNCTION FOR MAKING THE START SCREEN
  1262 00000A08 E828FD                  call startScreen
  1263                                  ;-->FOR STARTING THE GAME USING A KEY 
  1264 00000A0B E847FD                  call PressAnyKey
  1265                                  ;-->GAME SCREEN MAKING&&BUCKET PRINT IN THIS
  1266 00000A0E E849FD                  call GameScreen
  1267                                  ;-->FUNCTION FOR MOVING THE BUCKET IN THE GAME
  1268 00000A11 E8DDFF                  call moveBucket
  1269                                  cont:
  1270                                  ;-->TO END THE GAME ONCE CONDITION IS MET
  1271 00000A14 E8ECF8                  call ending
  1272                                  ;-->PUSH SCORE IN ax TO PRINT IT LATER ON
  1273 00000A17 A1[5D00]                mov ax,[scoreValue]
  1274 00000A1A 50                      push ax
  1275                                  ;-->PRINTING SCORE(FINAL)
  1276 00000A1B E89DFE                  call PrintScoreEnd
  1277                                  ;-->FOR FINISHING THE PROGRAM
  1278 00000A1E B8004C                  mov ax,0x4c00
  1279 00000A21 CD21                    int 21h
