     1                                  ;Printing a snake at random position and start moving
     2                                  
     3                                  [org 0x0100]
     4 00000000 E92301                  jmp start
     5 00000003 00000000                count: dd 0
     6                                  
     7                                  ;code to clear the screen
     8                                  clearscreen:
     9 00000007 06                          push es
    10 00000008 50                          push ax
    11 00000009 57                          push di
    12 0000000A 51                          push cx
    13 0000000B B800B8                      mov ax,0xb800 ; video memory address
    14 0000000E 8EC0                        mov es,ax
    15 00000010 B82007                      mov ax,0x0720 ; color code and space ASCII
    16 00000013 BF0000                      mov di,0
    17                                      nextchar:
    18 00000016 268905                          mov [es:di],ax
    19 00000019 81C70200                        add di,2
    20 0000001D 81FFA00F                        cmp di,4000
    21 00000021 75F3                            jne nextchar
    22                                  
    23                                      ;popping all values
    24 00000023 59                          pop cx
    25 00000024 5F                          pop di
    26 00000025 58                          pop ax
    27 00000026 07                          pop es
    28 00000027 C3                          ret
    29                                  
    30                                  randomNumber:
    31 00000028 50                      	push ax;
    32 00000029 52                      	push dx;
    33                                  	
    34 0000002A B400                    	mov ah, 00h  ; interrupts to get system time        
    35 0000002C CD1A                    	int 1AH      ; CX:DX now hold number of clock ticks since midnight      
    36                                  
    37 0000002E 89D0                    	mov  ax, dx
    38 00000030 31D2                    	xor  dx, dx
    39 00000032 8B4EFE                  	mov  cx, [bp-2]  ;upper number
    40 00000035 F7F1                    	div  cx       ; here dx contains the remainder of the division - from 0 to 9
    41                                  
    42 00000037 81C20000                	add  dx, 0  ; to ascii from '0' to '9'
    43 0000003B 89D3                    	mov bx,dx;
    44                                     
    45 0000003D 5A                      	pop dx;
    46 0000003E 58                      	pop ax;
    47 0000003F C3                      	ret;
    48                                  
    49                                  delay: ;a large loop for delaying next move
    50 00000040 66C706[0300]801A06-     	mov dword[count],400000
    51 00000048 00                 
    52                                  delayLoop:
    53 00000049 66FF0E[0300]            	dec dword[count];
    54 0000004E 66813E[0300]000000-     	cmp dword[count],0;
    55 00000056 00                 
    56 00000057 75F0                    	jne delayLoop;
    57 00000059 C3                      	ret;
    58                                  
    59                                  printSnakePos:
    60 0000005A 06                      	push es;
    61 0000005B 50                      	push ax;
    62 0000005C 51                      	push cx;
    63 0000005D B82A47                  	mov ax,0x472A;
    64                                  nextloc:
    65 00000060 268905                  	mov word [es:di],ax
    66 00000063 E85A00                        call death
    67 00000066 81C70200                	add di,2
    68 0000006A 49                      	dec cx
    69 0000006B 81F90200                	cmp cx,2
    70                                  
    71 0000006F 7502                    	jne face ; to make snake face
    72 00000071 B001                    	mov al,0x01
    73                                  face:
    74 00000073 81F90000                	cmp cx,0
    75 00000077 75E7                    	jne nextloc;
    76                                  	
    77 00000079 59                      	pop cx;
    78 0000007A 58                      	pop ax;
    79 0000007B 07                      	pop es;
    80 0000007C C3                      	ret;
    81                                  
    82                                  printFood:
    83 0000007D 50                      	push ax;
    84 0000007E 53                      	push bx;
    85 0000007F 57                      	push di;
    86 00000080 06                      	push es;
    87                                  	
    88 00000081 BB5000                  	mov bx,80; x pos
    89 00000084 895EFE                  	mov [bp-2],bx;
    90 00000087 E89EFF                  	call randomNumber;
    91 0000008A 895EFC                  	mov [bp-4],bx;
    92                                  	
    93                                  	
    94 0000008D BB1900                  	mov bx,25;
    95 00000090 895EFE                  	mov [bp-2],bx;
    96 00000093 E892FF                  	call randomNumber;
    97 00000096 895EFE                  	mov [bp-2],bx ;y pos
    98                                  	
    99 00000099 E80B00                  	call calculatePosition;
   100 0000009C B80147                  	mov ax,0x4701;
   101 0000009F 268905                  	mov word [es:di],ax;
   102                                  	
   103 000000A2 07                      	pop es
   104 000000A3 5F                      	pop di
   105 000000A4 5B                      	pop bx
   106 000000A5 58                      	pop ax
   107 000000A6 C3                      	ret 
   108                                  
   109                                  calculatePosition:
   110 000000A7 51                      	push cx
   111 000000A8 52                      	push dx
   112 000000A9 8B4EFE                  	mov cx,[bp-2] ;y pos 
   113 000000AC B85000                      mov ax,80
   114 000000AF F7E1                        mul cx
   115 000000B1 0346FC                      add ax,[bp-4] ;x pos 
   116 000000B4 D1E0                        shl ax,1
   117                                  
   118 000000B6 89C7                    	mov di,ax
   119 000000B8 B800B8                      mov ax,0xb800
   120 000000BB 8EC0                        mov es,ax
   121                                  	
   122 000000BD 5A                      	pop dx;
   123 000000BE 59                      	pop cx;
   124 000000BF C3                      	ret;
   125                                  death:
   126 000000C0 55                      push bp
   127 000000C1 89EC                    mov sp,bp
   128 000000C3 50                      push ax
   129 000000C4 53                      push bx
   130 000000C5 51                      push cx
   131                                  loop1:
   132 000000C6 89F8                    mov ax,di
   133 000000C8 BBA000                  mov bx,160
   134 000000CB F7F3                    div bx
   135 000000CD 81FA0000                cmp dx,0
   136 000000D1 7405                    je end
   137 000000D3 59                      pop cx
   138 000000D4 5B                      pop bx
   139 000000D5 58                      pop ax
   140 000000D6 5D                      pop bp
   141 000000D7 C3                      ret
   142                                  end:
   143 000000D8 59                      pop cx
   144 000000D9 5B                      pop bx
   145 000000DA 58                      pop ax
   146 000000DB 5D                      pop bp 
   147 000000DC B8004C                  mov ax,0x4c00
   148 000000DF CD21                    int 0x21
   149                                  printsnake:
   150                                      ;pushing all values
   151 000000E1 55                          push bp
   152 000000E2 89E5                        mov bp ,sp
   153 000000E4 81EC0400                	sub sp,4;
   154 000000E8 57                          push di
   155 000000E9 06                          push es
   156 000000EA 50                          push ax
   157 000000EB 53                          push bx
   158 000000EC 52                          push dx
   159                                  
   160                                      ;calculating positon
   161 000000ED 8B4604                  	mov ax,[bp+4]; y pos
   162 000000F0 8946FE                  	mov [bp-2],ax;
   163                                  	
   164 000000F3 8B4606                  	mov ax,[bp+6]; x pos
   165 000000F6 8946FC                  	mov [bp-4],ax;
   166                                  	
   167 000000F9 E8ABFF                  	call calculatePosition
   168                                     
   169 000000FC B80207                      mov ax,0x0702
   170 000000FF BA0000                      mov dx,0
   171                                  
   172                                  	
   173                                  	
   174                                      moving: ;for next move
   175                                      
   176 00000102 B90A00                      mov cx,10; snake length
   177                                  	
   178 00000105 E8FFFE                      call clearscreen ;previous output clearing
   179                                  	
   180 00000108 E84FFF                  	call printSnakePos;
   181                                  
   182 0000010B E832FF                  	call delay;
   183                                  	
   184 0000010E E86CFF                  	call printFood;
   185                                  	
   186 00000111 E82CFF                  	call delay
   187                                  	
   188 00000114 42                      	inc dx;
   189 00000115 81FA1E00                	cmp dx,30 ; total no of moves
   190 00000119 75E7                    	jne moving;
   191                                  	
   192                                  	;call printFood;
   193 0000011B 5A                          pop dx
   194 0000011C 5B                          pop bx
   195 0000011D 58                          pop ax
   196 0000011E 07                          pop es
   197 0000011F 5F                          pop di
   198 00000120 89EC                    	mov sp, bp
   199 00000122 5D                          pop bp
   200 00000123 C20400                      ret 4
   201                                     
   202                                  start:
   203 00000126 E8DEFE                  call clearscreen
   204                                  ; location of snake at start
   205 00000129 680400                  push 4 ; row
   206 0000012C 680400                  push 4 ;col
   207 0000012F E8AFFF                  call printsnake
   208 00000132 B8004C                  mov ax,0x4c00
   209 00000135 CD21                    int 0x21
   210                                  
